2025-12-27 23:29:00 || OPTIONS http://127.0.0.1:5410/apiget_hot_messages || error.html
2025-12-27 23:46:30 || GET http://127.0.0.1:5410/api/static/tiny_files/1_70_ciallo.png || error.html
2026-01-09 15:47:44 || GET http://127.0.0.1:5410/ || error.html
2026-01-10 18:25:42 || POST http://localhost:5410/api/wall/like/7142535 || error.html
2026-01-10 22:06:55 || POST http://localhost:5410/api/wall/like/7142535 || error.html
2026-01-10 22:43:12 || GET http://localhost:5410/api/static/static/file_addition.png || error.html
2026-01-10 22:43:12 || GET http://localhost:5410/api/static/static/send.png || error.html
2026-01-10 22:43:13 || GET http://localhost:5410/api/static/static/file_addition.png || error.html
2026-01-10 22:43:13 || GET http://localhost:5410/api/static/static/send.png || error.html
2026-01-10 22:43:15 || GET http://localhost:5410/api/static/static/file_addition.png || error.html
2026-01-10 22:43:15 || GET http://localhost:5410/api/static/static/send.png || error.html
2026-01-10 22:43:16 || POST http://localhost:5410/api/wall/dislike/7142535 || error.html
2026-01-10 22:43:22 || GET http://localhost:5410/api/static/static/file_addition.png || error.html
2026-01-10 22:43:22 || GET http://localhost:5410/api/static/static/send.png || error.html
2026-01-10 22:43:23 || GET http://localhost:5410/api/static/static/file_addition.png || error.html
2026-01-10 22:43:23 || GET http://localhost:5410/api/static/static/send.png || error.html
2026-01-10 22:44:05 || GET http://localhost:5410/api/static/static/file_addition.png || error.html
2026-01-10 22:44:05 || GET http://localhost:5410/api/static/static/send.png || error.html
2026-01-10 22:44:07 || POST http://localhost:5410/api/wall/like/7142535 || error.html
2026-01-10 22:44:17 || GET http://localhost:5410/api/static/static/file_addition.png || error.html
2026-01-10 22:44:17 || GET http://localhost:5410/api/static/static/send.png || error.html
2026-01-10 22:44:18 || GET http://localhost:5410/api/static/static/file_addition.png || error.html
2026-01-10 22:44:18 || GET http://localhost:5410/api/static/static/send.png || error.html
2026-01-10 22:44:38 || GET http://localhost:5410/api/static/send.png || error.html
2026-01-10 22:44:38 || GET http://localhost:5410/api/static/file_addition.png || error.html
2026-01-10 22:44:45 || GET http://localhost:5410/api/static/file_addition.png || error.html
2026-01-10 22:44:45 || GET http://localhost:5410/api/static/send.png || error.html
2026-01-10 22:46:46 || GET http://localhost:5410/api/static/img/file_addition.png || error.html
2026-01-10 22:46:46 || GET http://localhost:5410/api/static/img/send.png || error.html
2026-01-10 22:48:14 || GET http://localhost:5410/api/static/img/file_addition.png || The view function did not return a valid response. The return type must be a string, dict, list, tuple with headers or status, Response instance, or WSGI callable, but it was a int.
2026-01-10 22:48:14 || GET http://localhost:5410/api/static/img/send.png || The view function did not return a valid response. The return type must be a string, dict, list, tuple with headers or status, Response instance, or WSGI callable, but it was a int.
