[2025-12-20 19:01:47,553] WARNING: POST http://127.0.0.1:5420/api/pages/ 405 [F:\code\minzhong_wall\longgaowall\longgaowall2\frontend\app.py:164]
[2025-12-20 19:01:48,173] WARNING: File templates\nav.html not found. 没有找到templates\nav.html [F:\code\minzhong_wall\longgaowall\longgaowall2\frontend\tool.py:171]
[2025-12-20 19:01:48,178] WARNING: File templates\menu.html not found. 没有找到templates\menu.html [F:\code\minzhong_wall\longgaowall\longgaowall2\frontend\tool.py:171]
[2025-12-20 19:01:48,886] WARNING: GET http://127.0.0.1:5420/favicon.ico 404 [F:\code\minzhong_wall\longgaowall\longgaowall2\frontend\app.py:164]
[2025-12-20 19:02:05,553] WARNING: File templates\nav.html not found. 没有找到templates\nav.html [F:\code\minzhong_wall\longgaowall\longgaowall2\frontend\tool.py:171]
[2025-12-20 19:02:05,554] WARNING: File templates\menu.html not found. 没有找到templates\menu.html [F:\code\minzhong_wall\longgaowall\longgaowall2\frontend\tool.py:171]
[2025-12-20 19:03:02,584] WARNING: File templates\nav.html not found. 没有找到templates\nav.html [F:\code\minzhong_wall\longgaowall\longgaowall2\frontend\tool.py:171]
[2025-12-20 19:03:02,587] WARNING: File templates\menu.html not found. 没有找到templates\menu.html [F:\code\minzhong_wall\longgaowall\longgaowall2\frontend\tool.py:171]
[2025-12-20 19:03:11,481] WARNING: POST http://127.0.0.1:5420/api/pages/ 405 [F:\code\minzhong_wall\longgaowall\longgaowall2\frontend\app.py:164]
[2025-12-20 19:03:12,609] WARNING: File templates\nav.html not found. 没有找到templates\nav.html [F:\code\minzhong_wall\longgaowall\longgaowall2\frontend\tool.py:171]
[2025-12-20 19:03:12,610] WARNING: File templates\menu.html not found. 没有找到templates\menu.html [F:\code\minzhong_wall\longgaowall\longgaowall2\frontend\tool.py:171]
[2025-12-20 19:04:50,463] WARNING: File templates\nav.html not found. 没有找到templates\nav.html [F:\code\minzhong_wall\longgaowall\longgaowall2\frontend\tool.py:171]
[2025-12-20 19:04:50,464] WARNING: File templates\menu.html not found. 没有找到templates\menu.html [F:\code\minzhong_wall\longgaowall\longgaowall2\frontend\tool.py:171]
[2025-12-20 19:06:39,315] WARNING: File templates\nav.html not found. 没有找到templates\nav.html [F:\code\minzhong_wall\longgaowall\longgaowall2\frontend\tool.py:171]
[2025-12-20 19:06:39,316] WARNING: File templates\menu.html not found. 没有找到templates\menu.html [F:\code\minzhong_wall\longgaowall\longgaowall2\frontend\tool.py:171]
[2025-12-20 19:07:16,544] WARNING: File templates\nav.html not found. 没有找到templates\nav.html [F:\code\minzhong_wall\longgaowall\longgaowall2\frontend\tool.py:171]
[2025-12-20 19:07:16,545] WARNING: File templates\menu.html not found. 没有找到templates\menu.html [F:\code\minzhong_wall\longgaowall\longgaowall2\frontend\tool.py:171]
[2025-12-20 19:07:53,064] WARNING: File templates\nav.html not found. 没有找到templates\nav.html [F:\code\minzhong_wall\longgaowall\longgaowall2\frontend\tool.py:171]
[2025-12-20 19:07:53,067] WARNING: File templates\menu.html not found. 没有找到templates\menu.html [F:\code\minzhong_wall\longgaowall\longgaowall2\frontend\tool.py:171]
[2025-12-20 19:09:35,016] WARNING: File templates\nav.html not found. 没有找到templates\nav.html [F:\code\minzhong_wall\longgaowall\longgaowall2\frontend\tool.py:171]
[2025-12-20 19:09:35,017] WARNING: File templates\menu.html not found. 没有找到templates\menu.html [F:\code\minzhong_wall\longgaowall\longgaowall2\frontend\tool.py:171]
[2025-12-27 23:29:00,651] WARNING: 404 OPTIONS http://127.0.0.1:5410/apiget_hot_messages [F:\code\minzhong_wall\longgaowall\longgaowall2\app.py:178]
[2025-12-27 23:46:30,616] WARNING: 404 GET http://127.0.0.1:5410/api/static/tiny_files/1_70_ciallo.png [F:\code\minzhong_wall\longgaowall\longgaowall2\app_api.py:183]
[2026-01-09 15:47:44,751] WARNING: 404 GET http://127.0.0.1:5410/ [F:\code\minzhong_wall\longgaowall\longgaowall2\app_api.py:183]
[2026-01-10 18:25:42,572] WARNING: 404 POST http://localhost:5410/api/wall/like/7142535 [F:\code\minzhong_wall\longgaowall\longgaowall2\app_api.py:183]
[2026-01-10 22:06:55,438] WARNING: 404 POST http://localhost:5410/api/wall/like/7142535 [F:\code\minzhong_wall\longgaowall\longgaowall2\app_api.py:183]
[2026-01-10 22:43:12,129] WARNING: 404 GET http://localhost:5410/api/static/static/file_addition.png [F:\code\minzhong_wall\longgaowall\longgaowall2\app_api.py:183]
[2026-01-10 22:43:12,129] WARNING: 404 GET http://localhost:5410/api/static/static/send.png [F:\code\minzhong_wall\longgaowall\longgaowall2\app_api.py:183]
[2026-01-10 22:43:13,358] WARNING: 404 GET http://localhost:5410/api/static/static/file_addition.png [F:\code\minzhong_wall\longgaowall\longgaowall2\app_api.py:183]
[2026-01-10 22:43:13,671] WARNING: 404 GET http://localhost:5410/api/static/static/send.png [F:\code\minzhong_wall\longgaowall\longgaowall2\app_api.py:183]
[2026-01-10 22:43:15,672] WARNING: 404 GET http://localhost:5410/api/static/static/file_addition.png [F:\code\minzhong_wall\longgaowall\longgaowall2\app_api.py:183]
[2026-01-10 22:43:15,673] WARNING: 404 GET http://localhost:5410/api/static/static/send.png [F:\code\minzhong_wall\longgaowall\longgaowall2\app_api.py:183]
[2026-01-10 22:43:16,006] WARNING: 404 POST http://localhost:5410/api/wall/dislike/7142535 [F:\code\minzhong_wall\longgaowall\longgaowall2\app_api.py:183]
[2026-01-10 22:43:22,460] WARNING: 404 GET http://localhost:5410/api/static/static/file_addition.png [F:\code\minzhong_wall\longgaowall\longgaowall2\app_api.py:183]
[2026-01-10 22:43:22,773] WARNING: 404 GET http://localhost:5410/api/static/static/send.png [F:\code\minzhong_wall\longgaowall\longgaowall2\app_api.py:183]
[2026-01-10 22:43:23,764] WARNING: 404 GET http://localhost:5410/api/static/static/file_addition.png [F:\code\minzhong_wall\longgaowall\longgaowall2\app_api.py:183]
[2026-01-10 22:43:23,765] WARNING: 404 GET http://localhost:5410/api/static/static/send.png [F:\code\minzhong_wall\longgaowall\longgaowall2\app_api.py:183]
[2026-01-10 22:44:05,588] WARNING: 404 GET http://localhost:5410/api/static/static/file_addition.png [F:\code\minzhong_wall\longgaowall\longgaowall2\app_api.py:183]
[2026-01-10 22:44:05,895] WARNING: 404 GET http://localhost:5410/api/static/static/send.png [F:\code\minzhong_wall\longgaowall\longgaowall2\app_api.py:183]
[2026-01-10 22:44:07,750] WARNING: 404 POST http://localhost:5410/api/wall/like/7142535 [F:\code\minzhong_wall\longgaowall\longgaowall2\app_api.py:183]
[2026-01-10 22:44:17,519] WARNING: 404 GET http://localhost:5410/api/static/static/file_addition.png [F:\code\minzhong_wall\longgaowall\longgaowall2\app_api.py:183]
[2026-01-10 22:44:17,519] WARNING: 404 GET http://localhost:5410/api/static/static/send.png [F:\code\minzhong_wall\longgaowall\longgaowall2\app_api.py:183]
[2026-01-10 22:44:18,395] WARNING: 404 GET http://localhost:5410/api/static/static/file_addition.png [F:\code\minzhong_wall\longgaowall\longgaowall2\app_api.py:183]
[2026-01-10 22:44:18,702] WARNING: 404 GET http://localhost:5410/api/static/static/send.png [F:\code\minzhong_wall\longgaowall\longgaowall2\app_api.py:183]
[2026-01-10 22:44:38,570] WARNING: 404 GET http://localhost:5410/api/static/send.png [F:\code\minzhong_wall\longgaowall\longgaowall2\app_api.py:183]
[2026-01-10 22:44:38,570] WARNING: 404 GET http://localhost:5410/api/static/file_addition.png [F:\code\minzhong_wall\longgaowall\longgaowall2\app_api.py:183]
[2026-01-10 22:44:45,480] WARNING: 404 GET http://localhost:5410/api/static/file_addition.png [F:\code\minzhong_wall\longgaowall\longgaowall2\app_api.py:183]
[2026-01-10 22:44:45,797] WARNING: 404 GET http://localhost:5410/api/static/send.png [F:\code\minzhong_wall\longgaowall\longgaowall2\app_api.py:183]
[2026-01-10 22:46:46,749] WARNING: 404 GET http://localhost:5410/api/static/img/file_addition.png [F:\code\minzhong_wall\longgaowall\longgaowall2\app_api.py:183]
[2026-01-10 22:46:46,750] WARNING: 404 GET http://localhost:5410/api/static/img/send.png [F:\code\minzhong_wall\longgaowall\longgaowall2\app_api.py:183]
[2026-01-10 22:48:14,003] WARNING: 404 GET http://localhost:5410/api/static/img/file_addition.png [F:\code\minzhong_wall\longgaowall\longgaowall2\app_api.py:184]
[2026-01-10 22:48:14,005] WARNING: 404 GET http://localhost:5410/api/static/img/send.png [F:\code\minzhong_wall\longgaowall\longgaowall2\app_api.py:184]
[2026-01-10 22:49:45,397] WARNING: 404 GET http://localhost:5410/api/static/img/file_addition.png [F:\code\minzhong_wall\longgaowall\longgaowall2\app_api.py:184]
[2026-01-10 22:49:45,398] WARNING: 404 GET http://localhost:5410/api/static/img/send.png [F:\code\minzhong_wall\longgaowall\longgaowall2\app_api.py:184]
[2026-01-10 22:54:46,038] WARNING: 404 GET http://localhost:5410/api/static/img/send.png [F:\code\minzhong_wall\longgaowall\longgaowall2\app_api.py:184]
[2026-01-10 22:54:46,040] WARNING: 404 GET http://localhost:5410/api/static/img/file_addition.png [F:\code\minzhong_wall\longgaowall\longgaowall2\app_api.py:184]
[2026-01-10 22:56:50,450] WARNING: 404 POST http://localhost:5410/api/wall/like/2153049 [F:\code\minzhong_wall\longgaowall\longgaowall2\app_api.py:184]
[2026-01-10 22:57:34,347] WARNING: 404 GET http://localhost:5410/api/static/static/uploads/1_70_ciallo.png [F:\code\minzhong_wall\longgaowall\longgaowall2\app_api.py:184]
[2026-01-10 22:57:35,078] WARNING: 404 GET http://localhost:5410/api/static/static/uploads/1_70_ciallo.png [F:\code\minzhong_wall\longgaowall\longgaowall2\app_api.py:184]
[2026-01-10 22:57:36,424] WARNING: 404 GET http://localhost:5410/api/static/static/uploads/1_70_ciallo.png [F:\code\minzhong_wall\longgaowall\longgaowall2\app_api.py:184]
[2026-01-10 22:57:36,673] WARNING: 404 GET http://localhost:5410/api/static/static/uploads/1_70_ciallo.png [F:\code\minzhong_wall\longgaowall\longgaowall2\app_api.py:184]
[2026-01-10 22:57:36,930] WARNING: 404 GET http://localhost:5410/api/static/static/uploads/1_70_ciallo.png [F:\code\minzhong_wall\longgaowall\longgaowall2\app_api.py:184]
[2026-01-10 22:57:37,731] WARNING: 404 GET http://localhost:5410/api/static/static/uploads/1_70_ciallo.png [F:\code\minzhong_wall\longgaowall\longgaowall2\app_api.py:184]
[2026-01-10 22:59:45,125] WARNING: 404 POST http://localhost:5410/api/wall/like/2153049 [F:\code\minzhong_wall\longgaowall\longgaowall2\app_api.py:184]
[2026-01-10 22:59:58,371] WARNING: 404 GET http://localhost:5410/api/static/static/uploads/1_70_ciallo.png [F:\code\minzhong_wall\longgaowall\longgaowall2\app_api.py:184]
[2026-01-10 23:05:43,215] WARNING: 404 GET http://localhost:5410/api/static/static/uploads/464f7663-585e-4152-ae76-1b5e0d22d3ef_ClassIn_20240907091925.jpg [F:\code\minzhong_wall\longgaowall\longgaowall2\app_api.py:184]
[2026-01-10 23:05:44,156] WARNING: 404 GET http://localhost:5410/api/static/static/uploads/464f7663-585e-4152-ae76-1b5e0d22d3ef_ClassIn_20240907091925.jpg [F:\code\minzhong_wall\longgaowall\longgaowall2\app_api.py:184]
[2026-01-10 23:05:44,749] WARNING: 404 GET http://localhost:5410/api/static/static/uploads/464f7663-585e-4152-ae76-1b5e0d22d3ef_ClassIn_20240907091925.jpg [F:\code\minzhong_wall\longgaowall\longgaowall2\app_api.py:184]
[2026-01-10 23:06:54,544] WARNING: 404 GET http://localhost:5410/api/static/static/uploads/464f7663-585e-4152-ae76-1b5e0d22d3ef_ClassIn_20240907091925.jpg [F:\code\minzhong_wall\longgaowall\longgaowall2\app_api.py:184]
[2026-01-10 23:08:35,934] WARNING: 404 GET http://localhost:5410/api/static/uploads/464f7663-585e-4152-ae76-1b5e0d22d3ef_ClassIn_20240907091925.jpg [F:\code\minzhong_wall\longgaowall\longgaowall2\app_api.py:184]
[2026-01-10 23:08:50,255] WARNING: 404 GET http://localhost:5410/api/static/uploads/464f7663-585e-4152-ae76-1b5e0d22d3ef_ClassIn_20240907091925.jpg [F:\code\minzhong_wall\longgaowall\longgaowall2\app_api.py:184]
[2026-01-10 23:16:12,910] WARNING: 404 GET http://localhost:5410/api/static/uploads/1_70_ciallo.png [F:\code\minzhong_wall\longgaowall\longgaowall2\app_api.py:184]
[2026-01-10 23:16:22,991] WARNING: 404 GET http://localhost:5410/api/static/uploads/1_70_ciallo.png [F:\code\minzhong_wall\longgaowall\longgaowall2\app_api.py:184]
[2026-01-10 23:16:48,444] WARNING: 404 GET http://localhost:5410/api/static/tinu_files/1_70_ciallo.png [F:\code\minzhong_wall\longgaowall\longgaowall2\app_api.py:184]
[2026-01-10 23:18:05,966] WARNING: 404 GET http://localhost:5410/api/static/files/464f7663-585e-4152-ae76-1b5e0d22d3ef_ClassIn_20240907091925.jpg [F:\code\minzhong_wall\longgaowall\longgaowall2\app_api.py:184]
[2026-01-10 23:18:16,785] WARNING: 404 GET http://localhost:5410/api/static/files/464f7663-585e-4152-ae76-1b5e0d22d3ef_ClassIn_20240907091925.jpg [F:\code\minzhong_wall\longgaowall\longgaowall2\app_api.py:184]
[2026-01-16 22:09:56,332] WARNING: 404 GET http://192.168.1.4:5410/api/statictiny_files/id1_62b9abb1-5a2c-4ffb-99ca-48635f3df328_1768572596.3017926_avatar1_1.png [F:\code\minzhong_wall\longgaowall\longgaowall2\app_api.py:185]
